// Jest Snapshot v1, https://goo.gl/fbAQLP

exports[`component should be render 1`] = `
<div
  className="react-full-window"
/>
`;
